class Tree
{
  void left_subtree()
  {
  }
  void right_subtree()
  {
  }
  void data()
  {
  }
  void set_data()
  {
  }
}
